// Jest Snapshot v1, https://goo.gl/fbAQLP

exports[`Snapshot Red 1`] = `
Object {
  "asFragment": [Function],
  "baseElement": <body>
    <div>
      <div
        class="container"
      >
        <div
          class="header-red"
        >
          <h1
            class="desktop-h1"
          >
            Welcome To The Rabbit Hole
          </h1>
          <h1
            class="mobile-h1"
          >
            Welcome
          </h1>
          <hr />
        </div>
        <div
          class="main"
        >
          <div
            class="text-container"
          >
            <p>
              Hi, I am Henry and I program computers and systems to make life of people easier or just simply to have fun. If you want to know more hit me with an email or checkout my github.
            </p>
          </div>
          <div
            class="text-container"
          >
            <h2
              class="h2-headers"
            >
              Interests
            </h2>
            <ul>
              <li>
                Blockchain
              </li>
              <li>
                Performance and Optimization
              </li>
              <li>
                Full-stack Development
              </li>
              <li>
                Functional training and programming ;)
              </li>
              <li>
                Nature
              </li>
              <li>
                Learning
              </li>
              <li>
                The Matrix
              </li>
            </ul>
          </div>
          <div
            class="text-container"
          >
            <h2
              class="h2-headers"
            >
              Projects
            </h2>
            <div
              class="projects"
            >
              <div
                class="project"
              >
                <a
                  class="project-a"
                  href="https://github.com/henryvalbuena/full-stack-project"
                  rel="noopener noreferrer"
                  target="_blank"
                >
                  Udacity Latte Cafe
                </a>
              </div>
              <div
                class="project"
              >
                <a
                  class="project-a"
                  href="https://github.com/henryvalbuena/latte-machine"
                  rel="noopener noreferrer"
                  target="_blank"
                >
                  Latte-Machine
                </a>
              </div>
              <div
                class="project"
              >
                <a
                  class="project-a"
                  href="https://github.com/henryvalbuena/SpaceBattle"
                  rel="noopener noreferrer"
                  target="_blank"
                >
                  Desktop Web Browser Game
                </a>
              </div>
              <div
                class="project"
              >
                <a
                  class="project-a"
                  href="https://github.com/henryvalbuena/chatbot"
                  rel="noopener noreferrer"
                  target="_blank"
                >
                  Chat
                </a>
              </div>
            </div>
          </div>
        </div>
        <div
          class="footer-desktop"
        >
          <div>
            <a
              href="https://www.linkedin.com/in/henry-valbuena/"
              rel="noopener noreferrer"
              target="_blank"
            >
              <i
                class="briefcase icon"
              />
            </a>
          </div>
          <div>
            <a
              href="https://github.com/henryvalbuena"
              rel="noopener noreferrer"
              target="_blank"
            >
              <i
                class="github icon"
              />
            </a>
          </div>
          <div>
            <a
              href="mailto:henry.valbuena@outlook.com"
              rel="noopener noreferrer"
              target="_blank"
            >
              <i
                class="mail icon"
              />
            </a>
          </div>
        </div>
        <div
          class="footer-mobile"
        >
          <div>
            <a
              href="https://www.linkedin.com/in/henry-valbuena/"
              rel="noopener noreferrer"
              target="_blank"
            >
              <i
                class="briefcase icon"
              />
            </a>
          </div>
          <div>
            <a
              href="https://github.com/henryvalbuena"
              rel="noopener noreferrer"
              target="_blank"
            >
              <i
                class="github icon"
              />
            </a>
          </div>
          <div>
            <a
              href="mailto:henry.valbuena@outlook.com"
              rel="noopener noreferrer"
              target="_blank"
            >
              <i
                class="mail icon"
              />
            </a>
          </div>
        </div>
      </div>
    </div>
  </body>,
  "container": <div>
    <div
      class="container"
    >
      <div
        class="header-red"
      >
        <h1
          class="desktop-h1"
        >
          Welcome To The Rabbit Hole
        </h1>
        <h1
          class="mobile-h1"
        >
          Welcome
        </h1>
        <hr />
      </div>
      <div
        class="main"
      >
        <div
          class="text-container"
        >
          <p>
            Hi, I am Henry and I program computers and systems to make life of people easier or just simply to have fun. If you want to know more hit me with an email or checkout my github.
          </p>
        </div>
        <div
          class="text-container"
        >
          <h2
            class="h2-headers"
          >
            Interests
          </h2>
          <ul>
            <li>
              Blockchain
            </li>
            <li>
              Performance and Optimization
            </li>
            <li>
              Full-stack Development
            </li>
            <li>
              Functional training and programming ;)
            </li>
            <li>
              Nature
            </li>
            <li>
              Learning
            </li>
            <li>
              The Matrix
            </li>
          </ul>
        </div>
        <div
          class="text-container"
        >
          <h2
            class="h2-headers"
          >
            Projects
          </h2>
          <div
            class="projects"
          >
            <div
              class="project"
            >
              <a
                class="project-a"
                href="https://github.com/henryvalbuena/full-stack-project"
                rel="noopener noreferrer"
                target="_blank"
              >
                Udacity Latte Cafe
              </a>
            </div>
            <div
              class="project"
            >
              <a
                class="project-a"
                href="https://github.com/henryvalbuena/latte-machine"
                rel="noopener noreferrer"
                target="_blank"
              >
                Latte-Machine
              </a>
            </div>
            <div
              class="project"
            >
              <a
                class="project-a"
                href="https://github.com/henryvalbuena/SpaceBattle"
                rel="noopener noreferrer"
                target="_blank"
              >
                Desktop Web Browser Game
              </a>
            </div>
            <div
              class="project"
            >
              <a
                class="project-a"
                href="https://github.com/henryvalbuena/chatbot"
                rel="noopener noreferrer"
                target="_blank"
              >
                Chat
              </a>
            </div>
          </div>
        </div>
      </div>
      <div
        class="footer-desktop"
      >
        <div>
          <a
            href="https://www.linkedin.com/in/henry-valbuena/"
            rel="noopener noreferrer"
            target="_blank"
          >
            <i
              class="briefcase icon"
            />
          </a>
        </div>
        <div>
          <a
            href="https://github.com/henryvalbuena"
            rel="noopener noreferrer"
            target="_blank"
          >
            <i
              class="github icon"
            />
          </a>
        </div>
        <div>
          <a
            href="mailto:henry.valbuena@outlook.com"
            rel="noopener noreferrer"
            target="_blank"
          >
            <i
              class="mail icon"
            />
          </a>
        </div>
      </div>
      <div
        class="footer-mobile"
      >
        <div>
          <a
            href="https://www.linkedin.com/in/henry-valbuena/"
            rel="noopener noreferrer"
            target="_blank"
          >
            <i
              class="briefcase icon"
            />
          </a>
        </div>
        <div>
          <a
            href="https://github.com/henryvalbuena"
            rel="noopener noreferrer"
            target="_blank"
          >
            <i
              class="github icon"
            />
          </a>
        </div>
        <div>
          <a
            href="mailto:henry.valbuena@outlook.com"
            rel="noopener noreferrer"
            target="_blank"
          >
            <i
              class="mail icon"
            />
          </a>
        </div>
      </div>
    </div>
  </div>,
  "debug": [Function],
  "findAllByAltText": [Function],
  "findAllByDisplayValue": [Function],
  "findAllByLabelText": [Function],
  "findAllByPlaceholderText": [Function],
  "findAllByRole": [Function],
  "findAllByTestId": [Function],
  "findAllByText": [Function],
  "findAllByTitle": [Function],
  "findByAltText": [Function],
  "findByDisplayValue": [Function],
  "findByLabelText": [Function],
  "findByPlaceholderText": [Function],
  "findByRole": [Function],
  "findByTestId": [Function],
  "findByText": [Function],
  "findByTitle": [Function],
  "getAllByAltText": [Function],
  "getAllByDisplayValue": [Function],
  "getAllByLabelText": [Function],
  "getAllByPlaceholderText": [Function],
  "getAllByRole": [Function],
  "getAllByTestId": [Function],
  "getAllByText": [Function],
  "getAllByTitle": [Function],
  "getByAltText": [Function],
  "getByDisplayValue": [Function],
  "getByLabelText": [Function],
  "getByPlaceholderText": [Function],
  "getByRole": [Function],
  "getByTestId": [Function],
  "getByText": [Function],
  "getByTitle": [Function],
  "queryAllByAltText": [Function],
  "queryAllByDisplayValue": [Function],
  "queryAllByLabelText": [Function],
  "queryAllByPlaceholderText": [Function],
  "queryAllByRole": [Function],
  "queryAllByTestId": [Function],
  "queryAllByText": [Function],
  "queryAllByTitle": [Function],
  "queryByAltText": [Function],
  "queryByDisplayValue": [Function],
  "queryByLabelText": [Function],
  "queryByPlaceholderText": [Function],
  "queryByRole": [Function],
  "queryByTestId": [Function],
  "queryByText": [Function],
  "queryByTitle": [Function],
  "rerender": [Function],
  "unmount": [Function],
}
`;
